2026-09-01T13:48:57.113552Z  INFO solana_process_node: Hello, world!
2026-09-21T06:53:16.383156Z  INFO solana_process_node::server::data_parse: Account Keys: ["E16prLnWTwfLUYgXRTELYgw4u8QUnN9CAcHceLrDTjN1", "vines1vzrYbzLMRdu58ou5XTby4qAqVRLmqo36NKPTg", "11111111111111111111111111111111", "ComputeBudget111111111111111111111111111111"]
2026-09-21T06:53:16.383596Z  INFO solana_process_node::server::data_parse: Instructions: [UiCompiledInstruction { program_id_index: 3, accounts: [], data: "3b1H8Rq1T3d1", stack_height: Some(1) }, UiCompiledInstruction { program_id_index: 3, accounts: [], data: "LKoyXd", stack_height: Some(1) }, UiCompiledInstruction { program_id_index: 2, accounts: [0, 1], data: "3Bxs4ThwQbE4vyj5", stack_height: Some(1) }]
2026-09-21T06:53:16.383847Z  INFO solana_process_node::server::data_parse: --------------------
2026-09-21T06:53:16.384138Z  INFO solana_process_node::server::data_parse: program_id_index: 3, program:ComputeBudget111111111111111111111111111111
2026-09-21T06:53:16.384529Z  INFO solana_process_node::server::data_parse: data: 3b1H8Rq1T3d1
2026-09-21T06:53:16.385054Z  INFO solana_process_node::server::data_parse: stack_height: Some(1)
2026-09-21T06:53:16.385436Z  INFO solana_process_node::server::data_parse: --------------------
2026-09-21T06:53:16.385709Z  INFO solana_process_node::server::data_parse: program_id_index: 3, program:ComputeBudget111111111111111111111111111111
2026-09-21T06:53:16.386046Z  INFO solana_process_node::server::data_parse: data: LKoyXd
2026-09-21T06:53:16.386383Z  INFO solana_process_node::server::data_parse: stack_height: Some(1)
2026-09-21T06:53:16.386997Z  INFO solana_process_node::server::data_parse: --------------------
2026-09-21T06:53:16.387260Z  INFO solana_process_node::server::data_parse: program_id_index: 2, program:11111111111111111111111111111111
2026-09-21T06:53:16.387738Z  INFO solana_process_node::server::data_parse: accounts: E16prLnWTwfLUYgXRTELYgw4u8QUnN9CAcHceLrDTjN1
2026-09-21T06:53:16.388350Z  INFO solana_process_node::server::data_parse: accounts: vines1vzrYbzLMRdu58ou5XTby4qAqVRLmqo36NKPTg
2026-09-21T06:53:16.388963Z  INFO solana_process_node::server::data_parse: data: 3Bxs4ThwQbE4vyj5
2026-09-21T06:53:16.389513Z  INFO solana_process_node::server::data_parse: stack_height: Some(1)
2026-09-21T06:53:16.390113Z  INFO solana_process_node::server::data_parse: --------------------
2026-09-22T09:38:18.818235Z  INFO solana_process_node::server::data_parse: --------------------
2026-09-22T09:38:18.818712Z  INFO solana_process_node::server::data_parse: program_id: ComputeBudget111111111111111111111111111111
2026-09-22T09:38:18.819010Z  INFO solana_process_node::server::data_parse: accounts: []
2026-09-22T09:38:18.819225Z  INFO solana_process_node::server::data_parse: data: 3b1H8Rq1T3d1
2026-09-22T09:38:18.819456Z  INFO solana_process_node::server::data_parse: stack_height: Some(1)
2026-09-22T09:38:18.819879Z  INFO solana_process_node::server::data_parse: program_id: ComputeBudget111111111111111111111111111111
2026-09-22T09:38:18.820261Z  INFO solana_process_node::server::data_parse: accounts: []
2026-09-22T09:38:18.820702Z  INFO solana_process_node::server::data_parse: data: LKoyXd
2026-09-22T09:38:18.820928Z  INFO solana_process_node::server::data_parse: stack_height: Some(1)
2026-09-22T09:38:18.821241Z  INFO solana_process_node::server::data_parse: program_id: 11111111111111111111111111111111
2026-09-22T09:38:18.821590Z  INFO solana_process_node::server::data_parse: accounts: [E16prLnWTwfLUYgXRTELYgw4u8QUnN9CAcHceLrDTjN1, vines1vzrYbzLMRdu58ou5XTby4qAqVRLmqo36NKPTg]
2026-09-22T09:38:18.821989Z  INFO solana_process_node::server::data_parse: data: 3Bxs4ThwQbE4vyj5
2026-09-22T09:38:18.822259Z  INFO solana_process_node::server::data_parse: stack_height: Some(1)
2026-09-22T09:57:05.841662Z  INFO solana_process_node::server::data_parse: --------------------
2026-09-22T09:57:05.841838Z  INFO solana_process_node::server::data_parse: program_id: ComputeBudget111111111111111111111111111111
2026-09-22T09:57:05.841908Z  INFO solana_process_node::server::data_parse: accounts: []
2026-09-22T09:57:05.841980Z  INFO solana_process_node::server::data_parse: data: 3b1H8Rq1T3d1
2026-09-22T09:57:05.842160Z  INFO solana_process_node::server::data_parse: dataded: Ok([3, 128, 209, 240, 8, 0, 0, 0, 0])
2026-09-22T09:57:05.842249Z  INFO solana_process_node::server::data_parse: stack_height: Some(1)
2026-09-22T09:57:05.842392Z  INFO solana_process_node::server::data_parse: program_id: ComputeBudget111111111111111111111111111111
2026-09-22T09:57:05.842452Z  INFO solana_process_node::server::data_parse: accounts: []
2026-09-22T09:57:05.842499Z  INFO solana_process_node::server::data_parse: data: LKoyXd
2026-09-22T09:57:05.842558Z  INFO solana_process_node::server::data_parse: dataded: Ok([2, 244, 1, 0, 0])
2026-09-22T09:57:05.842618Z  INFO solana_process_node::server::data_parse: stack_height: Some(1)
2026-09-22T09:57:05.842734Z  INFO solana_process_node::server::data_parse: program_id: 11111111111111111111111111111111
2026-09-22T09:57:05.842806Z  INFO solana_process_node::server::data_parse: accounts: [E16prLnWTwfLUYgXRTELYgw4u8QUnN9CAcHceLrDTjN1, vines1vzrYbzLMRdu58ou5XTby4qAqVRLmqo36NKPTg]
2026-09-22T09:57:05.842881Z  INFO solana_process_node::server::data_parse: data: 3Bxs4ThwQbE4vyj5
2026-09-22T09:57:05.842952Z  INFO solana_process_node::server::data_parse: dataded: Ok([2, 0, 0, 0, 160, 134, 1, 0, 0, 0, 0, 0])
2026-09-22T09:57:05.843017Z  INFO solana_process_node::server::data_parse: stack_height: Some(1)
2026-09-24T03:01:26.731907Z  INFO solana_process_node::server::data_parse: --------------------
2026-09-24T03:01:26.732108Z  INFO solana_process_node::server::data_parse: SystemProgramTransaction
2026-09-24T03:01:26.732257Z  INFO solana_process_node::server::data_parse: from: E16prLnWTwfLUYgXRTELYgw4u8QUnN9CAcHceLrDTjN1
2026-09-24T03:01:26.732328Z  INFO solana_process_node::server::data_parse: to: vines1vzrYbzLMRdu58ou5XTby4qAqVRLmqo36NKPTg
2026-09-24T03:01:26.732467Z  INFO solana_process_node::server::data_parse: lamports: 100000
2026-09-26T14:53:38.814217Z  INFO solana_process_node::server::data_parse: --------------------
2026-09-26T14:53:38.814527Z ERROR solana_process_node::server::data_parse: Error: Not support instruction 
2026-09-26T14:53:38.814617Z ERROR solana_process_node::server::data_parse: Error: Not support instruction 
2026-09-26T14:53:38.814720Z  INFO solana_process_node::rpc_parse::program_dispatcher: SystemTransfer: SystemTransfer { from: E16prLnWTwfLUYgXRTELYgw4u8QUnN9CAcHceLrDTjN1, to: vines1vzrYbzLMRdu58ou5XTby4qAqVRLmqo36NKPTg, lamports: 100000 }
2026-09-26T14:53:38.814839Z  INFO solana_process_node::server::data_parse: SystemTransfer: SystemTransfer { from: E16prLnWTwfLUYgXRTELYgw4u8QUnN9CAcHceLrDTjN1, to: vines1vzrYbzLMRdu58ou5XTby4qAqVRLmqo36NKPTg, lamports: 100000 }
2026-09-26T15:17:29.892283Z  INFO solana_process_node::server::data_parse: --------------------
2026-09-26T15:17:29.892702Z ERROR solana_process_node::server::data_parse: Error: Not Matched 
2026-09-26T15:17:29.892886Z ERROR solana_process_node::server::data_parse: Error: Not Matched 
2026-09-26T15:17:29.892978Z  INFO solana_process_node::rpc_parse::program_dispatcher: SystemTransfer: SystemTransfer { from: E16prLnWTwfLUYgXRTELYgw4u8QUnN9CAcHceLrDTjN1, to: vines1vzrYbzLMRdu58ou5XTby4qAqVRLmqo36NKPTg, lamports: 100000 }
2026-09-26T15:17:29.893092Z  INFO solana_process_node::server::data_parse: SystemTransfer: SystemTransfer { from: E16prLnWTwfLUYgXRTELYgw4u8QUnN9CAcHceLrDTjN1, to: vines1vzrYbzLMRdu58ou5XTby4qAqVRLmqo36NKPTg, lamports: 100000 }
2026-09-27T15:22:11.404133Z  INFO solana_process_node::server::data_parse: ComputeBudget: SetComputeUnitPrice { micro_lamports: 150000000 }
2026-09-27T15:22:11.406565Z  INFO solana_process_node::server::data_parse: ComputeBudget: SetComputeUnitLimit { units: 500 }
2026-09-27T15:22:11.407140Z  INFO solana_process_node::rpc_parse::program_dispatcher: SystemTransfer: SystemTransfer { from: E16prLnWTwfLUYgXRTELYgw4u8QUnN9CAcHceLrDTjN1, to: vines1vzrYbzLMRdu58ou5XTby4qAqVRLmqo36NKPTg, lamports: 100000 }
2026-09-27T15:22:11.407325Z  INFO solana_process_node::server::data_parse: SystemTransfer: SystemTransfer { from: E16prLnWTwfLUYgXRTELYgw4u8QUnN9CAcHceLrDTjN1, to: vines1vzrYbzLMRdu58ou5XTby4qAqVRLmqo36NKPTg, lamports: 100000 }
